Microchip MPLAB XC8 Compiler V1.42 ()

Linker command line:

-W-3 --edf=C:\Program Files (x86)\Microchip\xc8\v1.42\dat\en_msgs.txt -cs \
  -h+dist/default/production\PCF8547_I2C_LCD.X.production.sym \
  --cmf=dist/default/production\PCF8547_I2C_LCD.X.production.cmf -z \
  -Q18F458 -oC:\Users\amn\AppData\Local\Temp\s2b0.2 \
  -Mdist/default/production/PCF8547_I2C_LCD.X.production.map -E1 -ver=XC8 \
  -ASTACK=072h-05ffh -pstack=STACK -ACODE=00h-03FFFhx2 -ACONST=00h-07FFFh \
  -ASMALLCONST=0600h-06FFhx122 -AMEDIUMCONST=0600h-07FFFh -ACOMRAM=01h-05Fh \
  -AABS1=00h-05FFh -ABIGRAM=01h-05FFh -ARAM=060h-0FFh,0100h-01FFhx5 \
  -ABANK0=060h-0FFh -ABANK1=0100h-01FFh -ABANK2=0200h-02FFh \
  -ABANK3=0300h-03FFh -ABANK4=0400h-04FFh -ABANK5=0500h-05FFh \
  -ASFR=0F00h-0F5Fh,0F60h-0FFFh \
  -preset_vec=00h,intcode=08h,intcodelo,powerup,init -pramtop=0600h \
  -psmallconst=SMALLCONST -pmediumconst=MEDIUMCONST -pconst=CONST \
  -AFARRAM=00h-00h -ACONFIG=0300000h-030000Dh -pconfig=CONFIG \
  -AIDLOC=0200000h-0200007h -pidloc=IDLOC -AEEDATA=0F00000h-0F000FFh \
  -peeprom_data=EEDATA \
  -prdata=COMRAM,nvrram=COMRAM,nvbit=COMRAM,rbss=COMRAM,rbit=COMRAM \
  -pfarbss=FARRAM,fardata=FARRAM,nvFARRAM=FARRAM \
  -pintsave_regs=BIGRAM,bigbss=BIGRAM,bigdata=BIGRAM -pbss=RAM \
  -pidata=CODE,irdata=CODE,ibigdata=CODE,ifardata=CODE -prparam=COMRAM \
  C:\Users\amn\AppData\Local\Temp\s2b0.obj \
  dist/default/production\PCF8547_I2C_LCD.X.production.obj 

Object code version is 3.11

Machine type is 18F458

Call graph: (short form)




                Name                               Link     Load   Length Selector   Space Scale
C:\Users\amn\AppData\Local\Temp\s2b0.obj
                text                                E78      E78        2      307       0
                init                                 88       88        4        4       0
                reset_vec                             0        0        6        0       0
                idloc                            200000   200000        8   200000       0
                config                           300000   300000        E   300000       0
dist/default/production\PCF8547_I2C_LCD.X.production.obj
                intcode                               8        8       80        4       0
                temp                                 3A       3A        1        1       1
                smallconst                          600      600        E      300       0
                text23                              894      894       98      307       0
                text22                              9C2      9C2       84      307       0
                text21                              D96      D96       2A      307       0
                text20                              E06      E06       1C      307       0
                text19                              B94      B94       5C      307       0
                text18                              E64      E64       10      307       0
                text17                              DC0      DC0       24      307       0
                text16                              7FC      7FC       98      307       0
                text15                              C9E      C9E       4A      307       0
                text14                              60E      60E      11A      307       0
                text13                              BF0      BF0       58      307       0
                text12                              92C      92C       96      307       0
                text10                              E50      E50       14      307       0
                text9                               DE4      DE4       22      307       0
                text8                               B2E      B2E       66      307       0
                text7                               E3C      E3C       14      307       0
                text6                               D66      D66       30      307       0
                text5                               728      728       D4      307       0
                text4                               C48      C48       56      307       0
                text3                               E22      E22       1A      307       0
                text2                               ABC      ABC       72      307       0
                text1                               CE8      CE8       40      307       0
                text0                               A46      A46       76      307       0
                cstackCOMRAM                          1        1       2C        1       1
                cstackBANK0                          60       60       12       60       1
                dataCOMRAM                           36       36        4        1       1
                bssCOMRAM                            2D       2D        9        1       1
                cinit                               D28      D28       3E      307       0
                idataCOMRAM                         E74      E74        4      307       0

TOTAL           Name                               Link     Load   Length     Space
        CLASS   STACK          

        CLASS   CODE           
                intcode                               8        8       80         0
                text                                E78      E78        2         0
                init                                 88       88        4         0
                reset_vec                             0        0        6         0
                text23                              894      894       98         0
                text22                              9C2      9C2       84         0
                text21                              D96      D96       2A         0
                text20                              E06      E06       1C         0
                text19                              B94      B94       5C         0
                text18                              E64      E64       10         0
                text17                              DC0      DC0       24         0
                text16                              7FC      7FC       98         0
                text15                              C9E      C9E       4A         0
                text14                              60E      60E      11A         0
                text13                              BF0      BF0       58         0
                text12                              92C      92C       96         0
                text10                              E50      E50       14         0
                text9                               DE4      DE4       22         0
                text8                               B2E      B2E       66         0
                text7                               E3C      E3C       14         0
                text6                               D66      D66       30         0
                text5                               728      728       D4         0
                text4                               C48      C48       56         0
                text3                               E22      E22       1A         0
                text2                               ABC      ABC       72         0
                text1                               CE8      CE8       40         0
                text0                               A46      A46       76         0
                cinit                               D28      D28       3E         0
                idataCOMRAM                         E74      E74        4         0

        CLASS   CONST          

        CLASS   SMALLCONST     
                smallconst                          600      600        E         0

        CLASS   MEDIUMCONST    

        CLASS   COMRAM         
                temp                                 3A       3A        1         1
                cstackCOMRAM                          1        1       2C         1
                dataCOMRAM                           36       36        4         1
                bssCOMRAM                            2D       2D        9         1

        CLASS   ABS1           

        CLASS   BIGRAM         

        CLASS   RAM            

        CLASS   BANK0          
                cstackBANK0                          60       60       12         1

        CLASS   BANK1          

        CLASS   BANK2          

        CLASS   BANK3          

        CLASS   BANK4          

        CLASS   BANK5          

        CLASS   SFR            

        CLASS   FARRAM         

        CLASS   CONFIG         
                config                           300000   300000        E         0

        CLASS   IDLOC          
                idloc                            200000   200000        8         0

        CLASS   EEDATA         



SEGMENTS        Name                           Load    Length   Top    Selector   Space  Class

                reset_vec                      000000  000006  000006         0       0  CODE    
                cstackCOMRAM                   000001  00003A  00003B         1       1  COMRAM  
                intcode                        000008  000084  00008C         4       0  CODE    
                cstackBANK0                    000060  000012  000072        60       1  BANK0   
                smallconst                     000600  00000E  00060E       300       0  SMALLCON
                text14                         00060E  00086C  000E7A       307       0  CODE    
                idloc                          200000  000008  200008    200000       0  IDLOC   
                config                         300000  00000E  30000E    300000       0  CONFIG  


UNUSED ADDRESS RANGES

        Name                Unused          Largest block    Delta
        BANK0            000072-0000FF               8E
        BANK1            000100-0001FF              100
        BANK2            000200-0002FF              100
        BANK3            000300-0003FF              100
        BANK4            000400-0004FF              100
        BANK5            000500-0005FF              100
        BIGRAM           00003B-00005F               25
                         000072-0005FF              58E
        CODE             000006-000007                2
                         00008C-0005FF              574
                         000E7A-007FFF             3186
        COMRAM           00003B-00005F               25
        CONST            000006-000007                2
                         00008C-0005FF              574
                         000E7A-007FFF             7186
        EEDATA           F00000-F000FF              100
        MEDIUMCONST      000E7A-007FFF             7186
        RAM              000072-0005FF              100
        SFR              000F00-000FFF               60
        SMALLCONST       000E7A-007FFF              100
        STACK            000072-0005FF              58E

                                  Symbol Table

?___awdiv                                                               cstackCOMRAM 000001
?___awmod                                                               cstackCOMRAM 000001
?___wmul                                                                cstackCOMRAM 000001
?_readADC                                                               cstackCOMRAM 000001
I2C_Master_Init@clk                                                     cstackBANK0  000060
_ADCON0                                                                 (abs)        000FC2
_ADCON0bits                                                             (abs)        000FC2
_ADCON1                                                                 (abs)        000FC1
_ADC_ISR                                                                text12       00092C
_ADC_Init                                                               text10       000E50
_ADRESH                                                                 (abs)        000FC4
_ADRESL                                                                 (abs)        000FC3
_I2C_Master_Init                                                        text3        000E22
_INTCONbits                                                             (abs)        000FF2
_PIE1bits                                                               (abs)        000F9D
_PIR1bits                                                               (abs)        000F9E
_PORTBbits                                                              (abs)        000F81
_SSPADD                                                                 (abs)        000FC8
_SSPBUF                                                                 (abs)        000FC9
_SSPCON1                                                                (abs)        000FC6
_SSPCON2                                                                (abs)        000FC5
_SSPCON2bits                                                            (abs)        000FC5
_SSPSTAT                                                                (abs)        000FC7
_TRISAbits                                                              (abs)        000F92
_TRISBbits                                                              (abs)        000F93
_TRISCbits                                                              (abs)        000F94
__CFG_BOR$ON                                                            (abs)        000000
__CFG_BORV$45                                                           (abs)        000000
__CFG_CP0$OFF                                                           (abs)        000000
__CFG_CP1$OFF                                                           (abs)        000000
__CFG_CP2$OFF                                                           (abs)        000000
__CFG_CP3$OFF                                                           (abs)        000000
__CFG_CPB$OFF                                                           (abs)        000000
__CFG_CPD$OFF                                                           (abs)        000000
__CFG_EBTR0$OFF                                                         (abs)        000000
__CFG_EBTR1$OFF                                                         (abs)        000000
__CFG_EBTR2$OFF                                                         (abs)        000000
__CFG_EBTR3$OFF                                                         (abs)        000000
__CFG_EBTRB$OFF                                                         (abs)        000000
__CFG_LVP$OFF                                                           (abs)        000000
__CFG_OSC$HS                                                            (abs)        000000
__CFG_OSCS$OFF                                                          (abs)        000000
__CFG_PWRT$OFF                                                          (abs)        000000
__CFG_STVR$OFF                                                          (abs)        000000
__CFG_WDT$OFF                                                           (abs)        000000
__CFG_WDTPS$128                                                         (abs)        000000
__CFG_WRT0$OFF                                                          (abs)        000000
__CFG_WRT1$OFF                                                          (abs)        000000
__CFG_WRT2$OFF                                                          (abs)        000000
__CFG_WRT3$OFF                                                          (abs)        000000
__CFG_WRTB$OFF                                                          (abs)        000000
__CFG_WRTC$OFF                                                          (abs)        000000
__CFG_WRTD$OFF                                                          (abs)        000000
__HRAM                                                                  (abs)        000000
__Habs1                                                                 abs1         000000
__Hbank0                                                                bank0        000000
__Hbank1                                                                bank1        000000
__Hbank2                                                                bank2        000000
__Hbank3                                                                bank3        000000
__Hbank4                                                                bank4        000000
__Hbank5                                                                bank5        000000
__Hbigbss                                                               bigbss       000000
__Hbigdata                                                              bigdata      000000
__Hbigram                                                               bigram       000000
__Hbss                                                                  bss          000000
__HbssCOMRAM                                                            bssCOMRAM    000000
__Hcinit                                                                cinit        000000
__Hclrtext                                                              clrtext      000000
__Hcomram                                                               comram       000000
__Hconfig                                                               config       30000E
__Hconst                                                                const        000000
__HcstackBANK0                                                          cstackBANK0  000000
__HcstackCOMRAM                                                         cstackCOMRAM 000000
__Hdata                                                                 data         000000
__HdataCOMRAM                                                           dataCOMRAM   000000
__Heeprom_data                                                          eeprom_data  000000
__Hfarbss                                                               farbss       000000
__Hfardata                                                              fardata      000000
__Hibigdata                                                             ibigdata     000000
__Hidata                                                                idata        000000
__HidataCOMRAM                                                          idataCOMRAM  000000
__Hidloc                                                                idloc        200008
__Hifardata                                                             ifardata     000000
__Hinit                                                                 init         00008C
__Hintcode                                                              intcode      000088
__Hintcode_body                                                         intcode_body 000000
__Hintcodelo                                                            intcodelo    000088
__Hintentry                                                             intentry     000000
__Hintret                                                               intret       000000
__Hintsave_regs                                                         intsave_regs 000000
__Hirdata                                                               irdata       000000
__Hmediumconst                                                          mediumconst  000000
__HnvFARRAM                                                             nvFARRAM     000000
__Hnvbit                                                                nvbit        000000
__Hnvrram                                                               nvrram       000000
__Hparam                                                                rparam       000000
__Hpowerup                                                              powerup      000088
__Hram                                                                  ram          000000
__Hramtop                                                               ramtop       000600
__Hrbit                                                                 rbit         000000
__Hrbss                                                                 rbss         000000
__Hrdata                                                                rdata        000000
__Hreset_vec                                                            reset_vec    000006
__Hrparam                                                               rparam       000000
__Hsfr                                                                  sfr          000000
__Hsmallconst                                                           smallconst   00060E
__Hspace_0                                                              (abs)        30000E
__Hspace_1                                                              (abs)        000072
__Hspace_2                                                              (abs)        000000
__Hstack                                                                stack        000000
__Hstruct                                                               struct       000000
__Htemp                                                                 temp         00003B
__Htext                                                                 text         000000
__Htext0                                                                text0        000000
__Htext1                                                                text1        000000
__Htext10                                                               text10       000000
__Htext12                                                               text12       000000
__Htext13                                                               text13       000000
__Htext14                                                               text14       000000
__Htext15                                                               text15       000000
__Htext16                                                               text16       000000
__Htext17                                                               text17       000000
__Htext18                                                               text18       000000
__Htext19                                                               text19       000000
__Htext2                                                                text2        000000
__Htext20                                                               text20       000000
__Htext21                                                               text21       000000
__Htext22                                                               text22       000000
__Htext23                                                               text23       000000
__Htext3                                                                text3        000000
__Htext4                                                                text4        000000
__Htext5                                                                text5        000000
__Htext6                                                                text6        000000
__Htext7                                                                text7        000000
__Htext8                                                                text8        000000
__Htext9                                                                text9        000000
__LRAM                                                                  (abs)        000001
__Labs1                                                                 abs1         000000
__Lbank0                                                                bank0        000000
__Lbank1                                                                bank1        000000
__Lbank2                                                                bank2        000000
__Lbank3                                                                bank3        000000
__Lbank4                                                                bank4        000000
__Lbank5                                                                bank5        000000
__Lbigbss                                                               bigbss       000000
__Lbigdata                                                              bigdata      000000
__Lbigram                                                               bigram       000000
__Lbss                                                                  bss          000000
__LbssCOMRAM                                                            bssCOMRAM    000000
__Lcinit                                                                cinit        000000
__Lclrtext                                                              clrtext      000000
__Lcomram                                                               comram       000000
__Lconfig                                                               config       300000
__Lconst                                                                const        000000
__LcstackBANK0                                                          cstackBANK0  000000
__LcstackCOMRAM                                                         cstackCOMRAM 000000
__Ldata                                                                 data         000000
__LdataCOMRAM                                                           dataCOMRAM   000000
__Leeprom_data                                                          eeprom_data  000000
__Lfarbss                                                               farbss       000000
__Lfardata                                                              fardata      000000
__Libigdata                                                             ibigdata     000000
__Lidata                                                                idata        000000
__LidataCOMRAM                                                          idataCOMRAM  000000
__Lidloc                                                                idloc        200000
__Lifardata                                                             ifardata     000000
__Linit                                                                 init         000088
__Lintcode                                                              intcode      000008
__Lintcode_body                                                         intcode_body 000000
__Lintcodelo                                                            intcodelo    000088
__Lintentry                                                             intentry     000000
__Lintret                                                               intret       000000
__Lintsave_regs                                                         intsave_regs 000000
__Lirdata                                                               irdata       000000
__Lmediumconst                                                          mediumconst  000000
__LnvFARRAM                                                             nvFARRAM     000000
__Lnvbit                                                                nvbit        000000
__Lnvrram                                                               nvrram       000000
__Lparam                                                                rparam       000000
__Lpowerup                                                              powerup      000088
__Lram                                                                  ram          000000
__Lramtop                                                               ramtop       000600
__Lrbit                                                                 rbit         000000
__Lrbss                                                                 rbss         000000
__Lrdata                                                                rdata        000000
__Lreset_vec                                                            reset_vec    000000
__Lrparam                                                               rparam       000000
__Lsfr                                                                  sfr          000000
__Lsmallconst                                                           smallconst   000600
__Lspace_0                                                              (abs)        000000
__Lspace_1                                                              (abs)        000000
__Lspace_2                                                              (abs)        000000
__Lstack                                                                stack        000000
__Lstruct                                                               struct       000000
__Ltemp                                                                 temp         00003A
__Ltext                                                                 text         000000
__Ltext0                                                                text0        000000
__Ltext1                                                                text1        000000
__Ltext10                                                               text10       000000
__Ltext12                                                               text12       000000
__Ltext13                                                               text13       000000
__Ltext14                                                               text14       000000
__Ltext15                                                               text15       000000
__Ltext16                                                               text16       000000
__Ltext17                                                               text17       000000
__Ltext18                                                               text18       000000
__Ltext19                                                               text19       000000
__Ltext2                                                                text2        000000
__Ltext20                                                               text20       000000
__Ltext21                                                               text21       000000
__Ltext22                                                               text22       000000
__Ltext23                                                               text23       000000
__Ltext3                                                                text3        000000
__Ltext4                                                                text4        000000
__Ltext5                                                                text5        000000
__Ltext6                                                                text6        000000
__Ltext7                                                                text7        000000
__Ltext8                                                                text8        000000
__Ltext9                                                                text9        000000
__S0                                                                    (abs)        30000E
__S1                                                                    (abs)        000072
__S2                                                                    (abs)        000000
___awdiv                                                                text23       000894
___awdiv@counter                                                        cstackCOMRAM 000005
___awdiv@dividend                                                       cstackCOMRAM 000001
___awdiv@divisor                                                        cstackCOMRAM 000003
___awdiv@quotient                                                       cstackCOMRAM 000007
___awdiv@sign                                                           cstackCOMRAM 000006
___awmod                                                                text22       0009C2
___awmod@counter                                                        cstackCOMRAM 000005
___awmod@dividend                                                       cstackCOMRAM 000001
___awmod@divisor                                                        cstackCOMRAM 000003
___awmod@sign                                                           cstackCOMRAM 000006
___inthi_sp                                                             stack        000000
___intlo_sp                                                             stack        000000
___param_bank                                                           (abs)        000000
___rparam_used                                                          (abs)        000001
___sp                                                                   stack        000000
___wmul                                                                 text21       000D96
___wmul@multiplicand                                                    cstackCOMRAM 000003
___wmul@multiplier                                                      cstackCOMRAM 000001
___wmul@product                                                         cstackCOMRAM 000005
__accesstop                                                             (abs)        000060
__activetblptr                                                          (abs)        000001
__cntErrataNOP_C:\Users\amn\AppData\Local\Temp\s2b0.obj                 (abs)        000001
__cntErrataNOP_dist/default/production\PCF8547_I2C_LCD.X.production.obj (abs)        00005D
__end_of_ADC_ISR                                                        text12       0009C2
__end_of_ADC_Init                                                       text10       000E64
__end_of_I2C_Master_Init                                                text3        000E3C
__end_of___awdiv                                                        text23       00092C
__end_of___awmod                                                        text22       000A46
__end_of___wmul                                                         text21       000DC0
__end_of__initialization                                                cinit        000D54
__end_of_delay_loop                                                     text9        000E06
__end_of_expanderWrite                                                  text7        000E50
__end_of_gotoXY                                                         text4        000C9E
__end_of_high_isr                                                       intcode      000088
__end_of_i2c_lcd_Init                                                   text2        000B2E
__end_of_i2c_lcd_Print                                                  text1        000D28
__end_of_i2c_lcd_Print_Int                                              text14       000728
__end_of_i2c_lcd_Write                                                  text8        000B94
__end_of_main                                                           text0        000ABC
__end_of_pulseWrite                                                     text6        000D96
__end_of_readADC                                                        text13       000C48
__end_of_sendByte                                                       text5        0007FC
__end_ofi2_delay_loop                                                   text20       000E22
__end_ofi2_expanderWrite                                                text18       000E74
__end_ofi2_gotoXY                                                       text15       000CE8
__end_ofi2_i2c_lcd_Write                                                text19       000BF0
__end_ofi2_pulseWrite                                                   text17       000DE4
__end_ofi2_sendByte                                                     text16       000894
__initialization                                                        cinit        000D28
__mediumconst                                                           mediumconst  000000
__pbssCOMRAM                                                            bssCOMRAM    00002D
__pcinit                                                                cinit        000D28
__pcstackBANK0                                                          cstackBANK0  000060
__pcstackCOMRAM                                                         cstackCOMRAM 000001
__pdataCOMRAM                                                           dataCOMRAM   000036
__pidataCOMRAM                                                          idataCOMRAM  000E74
__pintcode                                                              intcode      000008
__psmallconst                                                           smallconst   000600
__ptext0                                                                text0        000A46
__ptext1                                                                text1        000CE8
__ptext10                                                               text10       000E50
__ptext12                                                               text12       00092C
__ptext13                                                               text13       000BF0
__ptext14                                                               text14       00060E
__ptext15                                                               text15       000C9E
__ptext16                                                               text16       0007FC
__ptext17                                                               text17       000DC0
__ptext18                                                               text18       000E64
__ptext19                                                               text19       000B94
__ptext2                                                                text2        000ABC
__ptext20                                                               text20       000E06
__ptext21                                                               text21       000D96
__ptext22                                                               text22       0009C2
__ptext23                                                               text23       000894
__ptext3                                                                text3        000E22
__ptext4                                                                text4        000C48
__ptext5                                                                text5        000728
__ptext6                                                                text6        000D66
__ptext7                                                                text7        000E3C
__ptext8                                                                text8        000B2E
__ptext9                                                                text9        000DE4
__ramtop                                                                ramtop       000600
__size_of_ADC_ISR                                                       (abs)        000000
__size_of_ADC_Init                                                      (abs)        000000
__size_of_I2C_Master_Init                                               (abs)        000000
__size_of___awdiv                                                       (abs)        000000
__size_of___awmod                                                       (abs)        000000
__size_of___wmul                                                        (abs)        000000
__size_of_delay_loop                                                    (abs)        000000
__size_of_expanderWrite                                                 (abs)        000000
__size_of_gotoXY                                                        (abs)        000000
__size_of_high_isr                                                      (abs)        000000
__size_of_i2c_lcd_Init                                                  (abs)        000000
__size_of_i2c_lcd_Print                                                 (abs)        000000
__size_of_i2c_lcd_Print_Int                                             (abs)        000000
__size_of_i2c_lcd_Write                                                 (abs)        000000
__size_of_main                                                          (abs)        000000
__size_of_pulseWrite                                                    (abs)        000000
__size_of_readADC                                                       (abs)        000000
__size_of_sendByte                                                      (abs)        000000
__size_ofi2_delay_loop                                                  (abs)        000000
__size_ofi2_expanderWrite                                               (abs)        000000
__size_ofi2_gotoXY                                                      (abs)        000000
__size_ofi2_i2c_lcd_Write                                               (abs)        000000
__size_ofi2_pulseWrite                                                  (abs)        000000
__size_ofi2_sendByte                                                    (abs)        000000
__smallconst                                                            smallconst   000600
_delay_loop                                                             text9        000DE4
_expanderWrite                                                          text7        000E3C
_gotoXY                                                                 text4        000C48
_high_isr                                                               intcode      000008
_i2c_lcd_Init                                                           text2        000ABC
_i2c_lcd_Print                                                          text1        000CE8
_i2c_lcd_Print_Int                                                      text14       00060E
_i2c_lcd_Write                                                          text8        000B2E
_main                                                                   text0        000A46
_pulseWrite                                                             text6        000D66
_readADC                                                                text13       000BF0
_res1                                                                   bssCOMRAM    000034
_res2                                                                   bssCOMRAM    000032
_sendByte                                                               text5        000728
btemp                                                                   temp         00003A
delay_loop@nCount                                                       cstackBANK0  000060
end_of_initialization                                                   cinit        000D54
expanderWrite@cmdData                                                   cstackBANK0  000062
gotoXY@F7070                                                            dataCOMRAM   000036
gotoXY@LcdType                                                          cstackBANK0  00006B
gotoXY@X                                                                cstackBANK0  00006F
gotoXY@Y                                                                cstackBANK0  000069
i2_delay_loop                                                           text20       000E06
i2_expanderWrite                                                        text18       000E64
i2_gotoXY                                                               text15       000C9E
i2_i2c_lcd_Write                                                        text19       000B94
i2_pulseWrite                                                           text17       000DC0
i2_sendByte                                                             text16       0007FC
i2c_lcd_Print@str                                                       cstackBANK0  000069
i2c_lcd_Print_Int@F7085                                                 bssCOMRAM    00002D
i2c_lcd_Print_Int@X                                                     cstackCOMRAM 00001A
i2c_lcd_Print_Int@Y                                                     cstackCOMRAM 000011
i2c_lcd_Print_Int@i                                                     cstackCOMRAM 00001C
i2c_lcd_Print_Int@j                                                     cstackCOMRAM 00001B
i2c_lcd_Print_Int@numOfDigits                                           cstackCOMRAM 000014
i2c_lcd_Print_Int@str                                                   cstackCOMRAM 000015
i2c_lcd_Print_Int@val                                                   cstackCOMRAM 000012
i2c_lcd_Write@cmd                                                       cstackBANK0  000061
i2delay_loop@nCount                                                     cstackCOMRAM 000001
i2expanderWrite@cmdData                                                 cstackCOMRAM 000003
i2gotoXY@LcdType                                                        cstackCOMRAM 00000C
i2gotoXY@X                                                              cstackCOMRAM 000010
i2gotoXY@Y                                                              cstackCOMRAM 00000A
i2i2c_lcd_Write@cmd                                                     cstackCOMRAM 000002
i2pulseWrite@portPulse                                                  cstackCOMRAM 000004
i2sendByte@_data                                                        cstackCOMRAM 000009
i2sendByte@byte                                                         cstackCOMRAM 000008
i2sendByte@mask_lower_nibble                                            cstackCOMRAM 000007
i2sendByte@mode                                                         cstackCOMRAM 000005
i2sendByte@swap_mask_Lower_nibble                                       cstackCOMRAM 000006
int$flags                                                               temp         00003A
intlevel0                                                               text         000E78
intlevel1                                                               text         000E78
intlevel2                                                               text         000E78
intlevel3                                                               text         000E78
pulseWrite@portPulse                                                    cstackBANK0  000063
readADC@channel                                                         cstackCOMRAM 000005
sendByte@_data                                                          cstackBANK0  000068
sendByte@byte                                                           cstackBANK0  000067
sendByte@mask_lower_nibble                                              cstackBANK0  000066
sendByte@mode                                                           cstackBANK0  000064
sendByte@swap_mask_Lower_nibble                                         cstackBANK0  000065
stackhi                                                                 (abs)        0005FF
stacklo                                                                 (abs)        000072
start                                                                   init         000088
start_initialization                                                    cinit        000D28


FUNCTION INFORMATION:

 *************** function _main *****************
 Defined at:
		line 26 in file "main.c"
 Parameters:    Size  Location     Type
		None
 Auto vars:     Size  Location     Type
		None
 Return value:  Size  Location     Type
                  2  133[None  ] int 
 Registers used:
		wreg, fsr2l, fsr2h, status,2, status,0, tblptrl, tblptrh, tblptru, prodl, prodh, cstack
 Tracked objects:
		On entry : 
		On exit  : 
		Unchanged: 
 Data sizes:     COMRAM   BANK0   BANK1   BANK2   BANK3   BANK4   BANK5
      Params:         0       0       0       0       0       0       0
      Locals:         0       0       0       0       0       0       0
      Temps:          0       2       0       0       0       0       0
      Totals:         0       2       0       0       0       0       0
Total ram usage:        2 bytes
 Hardware stack levels required when called:   13
 This function calls:
		_ADC_Init
		_gotoXY
		_i2c_lcd_Init
		_i2c_lcd_Print
 This function is called by:
		Startup code after reset
 This function uses a non-reentrant model


 *************** function _i2c_lcd_Print *****************
 Defined at:
		line 198 in file "i2c_lcd_pic.h"
 Parameters:    Size  Location     Type
  str             2    9[BANK0 ] PTR unsigned char 
		 -> STR_2(6), STR_1(6), 
 Auto vars:     Size  Location     Type
		None
 Return value:  Size  Location     Type
                  1    wreg      void 
 Registers used:
		wreg, status,2, status,0, tblptrl, tblptrh, tblptru, cstack
 Tracked objects:
		On entry : 
		On exit  : 
		Unchanged: 
 Data sizes:     COMRAM   BANK0   BANK1   BANK2   BANK3   BANK4   BANK5
      Params:         0       2       0       0       0       0       0
      Locals:         0       0       0       0       0       0       0
      Temps:          0       0       0       0       0       0       0
      Totals:         0       2       0       0       0       0       0
Total ram usage:        2 bytes
 Hardware stack levels used:    1
 Hardware stack levels required when called:   12
 This function calls:
		_sendByte
 This function is called by:
		_main
 This function uses a non-reentrant model


 *************** function _i2c_lcd_Init *****************
 Defined at:
		line 185 in file "i2c_lcd_pic.h"
 Parameters:    Size  Location     Type
		None
 Auto vars:     Size  Location     Type
		None
 Return value:  Size  Location     Type
                  1    wreg      void 
 Registers used:
		wreg, status,2, status,0, cstack
 Tracked objects:
		On entry : 
		On exit  : 
		Unchanged: 
 Data sizes:     COMRAM   BANK0   BANK1   BANK2   BANK3   BANK4   BANK5
      Params:         0       0       0       0       0       0       0
      Locals:         0       0       0       0       0       0       0
      Temps:          0       0       0       0       0       0       0
      Totals:         0       0       0       0       0       0       0
Total ram usage:        0 bytes
 Hardware stack levels used:    1
 Hardware stack levels required when called:   12
 This function calls:
		_I2C_Master_Init
		_delay_loop
		_sendByte
 This function is called by:
		_main
 This function uses a non-reentrant model


 *************** function _I2C_Master_Init *****************
 Defined at:
		line 78 in file "i2c_lcd_pic.h"
 Parameters:    Size  Location     Type
  clk             4    0[BANK0 ] const unsigned long 
 Auto vars:     Size  Location     Type
		None
 Return value:  Size  Location     Type
                  1    wreg      void 
 Registers used:
		wreg, status,2
 Tracked objects:
		On entry : 
		On exit  : 
		Unchanged: 
 Data sizes:     COMRAM   BANK0   BANK1   BANK2   BANK3   BANK4   BANK5
      Params:         0       4       0       0       0       0       0
      Locals:         0       0       0       0       0       0       0
      Temps:          0       0       0       0       0       0       0
      Totals:         0       4       0       0       0       0       0
Total ram usage:        4 bytes
 Hardware stack levels used:    1
 Hardware stack levels required when called:    8
 This function calls:
		Nothing
 This function is called by:
		_i2c_lcd_Init
 This function uses a non-reentrant model


 *************** function _gotoXY *****************
 Defined at:
		line 204 in file "i2c_lcd_pic.h"
 Parameters:    Size  Location     Type
  X               1    wreg     unsigned char 
  Y               1    9[BANK0 ] unsigned char 
 Auto vars:     Size  Location     Type
  X               1   15[BANK0 ] unsigned char 
  LcdType         4   11[BANK0 ] unsigned char [4]
 Return value:  Size  Location     Type
                  1    wreg      void 
 Registers used:
		wreg, fsr2l, fsr2h, status,2, status,0, prodl, prodh, cstack
 Tracked objects:
		On entry : 
		On exit  : 
		Unchanged: 
 Data sizes:     COMRAM   BANK0   BANK1   BANK2   BANK3   BANK4   BANK5
      Params:         0       1       0       0       0       0       0
      Locals:         0       5       0       0       0       0       0
      Temps:          0       1       0       0       0       0       0
      Totals:         0       7       0       0       0       0       0
Total ram usage:        7 bytes
 Hardware stack levels used:    1
 Hardware stack levels required when called:   12
 This function calls:
		_sendByte
 This function is called by:
		_main
		_getChar
 This function uses a non-reentrant model


 *************** function _sendByte *****************
 Defined at:
		line 139 in file "i2c_lcd_pic.h"
 Parameters:    Size  Location     Type
  byte            1    wreg     unsigned char 
  mode            1    4[BANK0 ] unsigned char 
 Auto vars:     Size  Location     Type
  byte            1    7[BANK0 ] unsigned char 
  _data           1    8[BANK0 ] unsigned char 
  mask_lower_n    1    6[BANK0 ] unsigned char 
  swap_mask_Lo    1    5[BANK0 ] unsigned char 
 Return value:  Size  Location     Type
                  1    wreg      void 
 Registers used:
		wreg, status,2, status,0, cstack
 Tracked objects:
		On entry : 
		On exit  : 
		Unchanged: 
 Data sizes:     COMRAM   BANK0   BANK1   BANK2   BANK3   BANK4   BANK5
      Params:         0       1       0       0       0       0       0
      Locals:         0       4       0       0       0       0       0
      Temps:          0       0       0       0       0       0       0
      Totals:         0       5       0       0       0       0       0
Total ram usage:        5 bytes
 Hardware stack levels used:    1
 Hardware stack levels required when called:   11
 This function calls:
		_delay_loop
		_expanderWrite
		_pulseWrite
 This function is called by:
		_i2c_lcd_Init
		_i2c_lcd_Print
		_gotoXY
		_createChar
		_getChar
 This function uses a non-reentrant model


 *************** function _pulseWrite *****************
 Defined at:
		line 127 in file "i2c_lcd_pic.h"
 Parameters:    Size  Location     Type
  portPulse       1    wreg     unsigned char 
 Auto vars:     Size  Location     Type
  portPulse       1    3[BANK0 ] unsigned char 
 Return value:  Size  Location     Type
                  1    wreg      void 
 Registers used:
		wreg, status,2, status,0, cstack
 Tracked objects:
		On entry : 
		On exit  : 
		Unchanged: 
 Data sizes:     COMRAM   BANK0   BANK1   BANK2   BANK3   BANK4   BANK5
      Params:         0       0       0       0       0       0       0
      Locals:         0       1       0       0       0       0       0
      Temps:          0       0       0       0       0       0       0
      Totals:         0       1       0       0       0       0       0
Total ram usage:        1 bytes
 Hardware stack levels used:    1
 Hardware stack levels required when called:   10
 This function calls:
		_delay_loop
		_expanderWrite
 This function is called by:
		_sendByte
 This function uses a non-reentrant model


 *************** function _expanderWrite *****************
 Defined at:
		line 103 in file "i2c_lcd_pic.h"
 Parameters:    Size  Location     Type
  cmdData         1    wreg     unsigned char 
 Auto vars:     Size  Location     Type
  cmdData         1    2[BANK0 ] unsigned char 
 Return value:  Size  Location     Type
                  1    wreg      void 
 Registers used:
		wreg, status,2, status,0, cstack
 Tracked objects:
		On entry : 
		On exit  : 
		Unchanged: 
 Data sizes:     COMRAM   BANK0   BANK1   BANK2   BANK3   BANK4   BANK5
      Params:         0       0       0       0       0       0       0
      Locals:         0       1       0       0       0       0       0
      Temps:          0       0       0       0       0       0       0
      Totals:         0       1       0       0       0       0       0
Total ram usage:        1 bytes
 Hardware stack levels used:    1
 Hardware stack levels required when called:    9
 This function calls:
		_i2c_lcd_Write
 This function is called by:
		_pulseWrite
		_sendByte
 This function uses a non-reentrant model


 *************** function _i2c_lcd_Write *****************
 Defined at:
		line 94 in file "i2c_lcd_pic.h"
 Parameters:    Size  Location     Type
  cmd             1    wreg     unsigned char 
 Auto vars:     Size  Location     Type
  cmd             1    1[BANK0 ] unsigned char 
 Return value:  Size  Location     Type
                  1    wreg      void 
 Registers used:
		wreg, status,2, status,0
 Tracked objects:
		On entry : 
		On exit  : 
		Unchanged: 
 Data sizes:     COMRAM   BANK0   BANK1   BANK2   BANK3   BANK4   BANK5
      Params:         0       0       0       0       0       0       0
      Locals:         0       1       0       0       0       0       0
      Temps:          0       1       0       0       0       0       0
      Totals:         0       2       0       0       0       0       0
Total ram usage:        2 bytes
 Hardware stack levels used:    1
 Hardware stack levels required when called:    8
 This function calls:
		Nothing
 This function is called by:
		_expanderWrite
 This function uses a non-reentrant model


 *************** function _delay_loop *****************
 Defined at:
		line 121 in file "i2c_lcd_pic.h"
 Parameters:    Size  Location     Type
  nCount          2    0[BANK0 ] unsigned short 
 Auto vars:     Size  Location     Type
		None
 Return value:  Size  Location     Type
                  1    wreg      void 
 Registers used:
		wreg, status,2, status,0
 Tracked objects:
		On entry : 
		On exit  : 
		Unchanged: 
 Data sizes:     COMRAM   BANK0   BANK1   BANK2   BANK3   BANK4   BANK5
      Params:         0       2       0       0       0       0       0
      Locals:         0       0       0       0       0       0       0
      Temps:          0       0       0       0       0       0       0
      Totals:         0       2       0       0       0       0       0
Total ram usage:        2 bytes
 Hardware stack levels used:    1
 Hardware stack levels required when called:    8
 This function calls:
		Nothing
 This function is called by:
		_pulseWrite
		_sendByte
		_i2c_lcd_Init
		_createChar
 This function uses a non-reentrant model


 *************** function _ADC_Init *****************
 Defined at:
		line 54 in file "main.c"
 Parameters:    Size  Location     Type
		None
 Auto vars:     Size  Location     Type
		None
 Return value:  Size  Location     Type
                  1    wreg      void 
 Registers used:
		wreg, status,2
 Tracked objects:
		On entry : 
		On exit  : 
		Unchanged: 
 Data sizes:     COMRAM   BANK0   BANK1   BANK2   BANK3   BANK4   BANK5
      Params:         0       0       0       0       0       0       0
      Locals:         0       0       0       0       0       0       0
      Temps:          0       0       0       0       0       0       0
      Totals:         0       0       0       0       0       0       0
Total ram usage:        0 bytes
 Hardware stack levels used:    1
 Hardware stack levels required when called:    8
 This function calls:
		Nothing
 This function is called by:
		_main
 This function uses a non-reentrant model


 *************** function _high_isr *****************
 Defined at:
		line 21 in file "main.c"
 Parameters:    Size  Location     Type
		None
 Auto vars:     Size  Location     Type
		None
 Return value:  Size  Location     Type
                  1    wreg      void 
 Registers used:
		wreg, fsr1l, fsr1h, fsr2l, fsr2h, status,2, status,0, prodl, prodh, cstack
 Tracked objects:
		On entry : 
		On exit  : 
		Unchanged: 
 Data sizes:     COMRAM   BANK0   BANK1   BANK2   BANK3   BANK4   BANK5
      Params:         0       0       0       0       0       0       0
      Locals:         0       0       0       0       0       0       0
      Temps:         14       0       0       0       0       0       0
      Totals:        14       0       0       0       0       0       0
Total ram usage:       14 bytes
 Hardware stack levels used:    1
 Hardware stack levels required when called:    7
 This function calls:
		_ADC_ISR
 This function is called by:
		Interrupt level 2
 This function uses a non-reentrant model


 *************** function _ADC_ISR *****************
 Defined at:
		line 81 in file "main.c"
 Parameters:    Size  Location     Type
		None
 Auto vars:     Size  Location     Type
		None
 Return value:  Size  Location     Type
                  1    wreg      void 
 Registers used:
		wreg, fsr1l, fsr1h, fsr2l, fsr2h, status,2, status,0, prodl, prodh, cstack
 Tracked objects:
		On entry : 
		On exit  : 
		Unchanged: 
 Data sizes:     COMRAM   BANK0   BANK1   BANK2   BANK3   BANK4   BANK5
      Params:         0       0       0       0       0       0       0
      Locals:         0       0       0       0       0       0       0
      Temps:          2       0       0       0       0       0       0
      Totals:         2       0       0       0       0       0       0
Total ram usage:        2 bytes
 Hardware stack levels used:    1
 Hardware stack levels required when called:    6
 This function calls:
		_i2c_lcd_Print_Int
		_readADC
 This function is called by:
		_high_isr
 This function uses a non-reentrant model


 *************** function _readADC *****************
 Defined at:
		line 66 in file "main.c"
 Parameters:    Size  Location     Type
  channel         1    wreg     unsigned char 
 Auto vars:     Size  Location     Type
  channel         1    4[COMRAM] unsigned char 
 Return value:  Size  Location     Type
                  2    0[COMRAM] unsigned short 
 Registers used:
		wreg, status,2, status,0
 Tracked objects:
		On entry : 
		On exit  : 
		Unchanged: 
 Data sizes:     COMRAM   BANK0   BANK1   BANK2   BANK3   BANK4   BANK5
      Params:         2       0       0       0       0       0       0
      Locals:         1       0       0       0       0       0       0
      Temps:          2       0       0       0       0       0       0
      Totals:         5       0       0       0       0       0       0
Total ram usage:        5 bytes
 Hardware stack levels used:    1
 This function calls:
		Nothing
 This function is called by:
		_ADC_ISR
 This function uses a non-reentrant model


 *************** function _i2c_lcd_Print_Int *****************
 Defined at:
		line 235 in file "i2c_lcd_pic.h"
 Parameters:    Size  Location     Type
  X               1    wreg     unsigned char 
  Y               1   16[COMRAM] unsigned char 
  val             2   17[COMRAM] int 
  numOfDigits     1   19[COMRAM] unsigned char 
 Auto vars:     Size  Location     Type
  X               1   25[COMRAM] unsigned char 
  str             5   20[COMRAM] unsigned char [5]
  i               1   27[COMRAM] unsigned char 
  j               1   26[COMRAM] unsigned char 
 Return value:  Size  Location     Type
                  1    wreg      void 
 Registers used:
		wreg, fsr1l, fsr1h, fsr2l, fsr2h, status,2, status,0, prodl, prodh, cstack
 Tracked objects:
		On entry : 
		On exit  : 
		Unchanged: 
 Data sizes:     COMRAM   BANK0   BANK1   BANK2   BANK3   BANK4   BANK5
      Params:         4       0       0       0       0       0       0
      Locals:         8       0       0       0       0       0       0
      Temps:          0       0       0       0       0       0       0
      Totals:        12       0       0       0       0       0       0
Total ram usage:       12 bytes
 Hardware stack levels used:    1
 Hardware stack levels required when called:    5
 This function calls:
		___awdiv
		___awmod
		___wmul
		i2_gotoXY
		i2_sendByte
 This function is called by:
		_ADC_ISR
 This function uses a non-reentrant model


 *************** function i2_gotoXY *****************
 Defined at:
		line 204 in file "i2c_lcd_pic.h"
 Parameters:    Size  Location     Type
  X               1    wreg     unsigned char 
  Y               1    9[COMRAM] unsigned char 
 Auto vars:     Size  Location     Type
  X               1   15[COMRAM] unsigned char 
  gotoXY          4   11[COMRAM] unsigned char [4]
 Return value:  Size  Location     Type
                  1    wreg      void 
 Registers used:
		wreg, fsr2l, fsr2h, status,2, status,0, prodl, prodh, cstack
 Tracked objects:
		On entry : 
		On exit  : 
		Unchanged: 
 Data sizes:     COMRAM   BANK0   BANK1   BANK2   BANK3   BANK4   BANK5
      Params:         1       0       0       0       0       0       0
      Locals:         5       0       0       0       0       0       0
      Temps:          1       0       0       0       0       0       0
      Totals:         7       0       0       0       0       0       0
Total ram usage:        7 bytes
 Hardware stack levels used:    1
 Hardware stack levels required when called:    4
 This function calls:
		i2_sendByte
 This function is called by:
		_i2c_lcd_Print_Int
 This function uses a non-reentrant model


 *************** function i2_sendByte *****************
 Defined at:
		line 139 in file "i2c_lcd_pic.h"
 Parameters:    Size  Location     Type
  byte            1    wreg     unsigned char 
  mode            1    4[COMRAM] unsigned char 
 Auto vars:     Size  Location     Type
  byte            1    7[COMRAM] unsigned char 
  sendByte        1    8[COMRAM] unsigned char 
  sendByte        1    6[COMRAM] unsigned char 
  sendByte        1    5[COMRAM] unsigned char 
 Return value:  Size  Location     Type
                  1    wreg      void 
 Registers used:
		wreg, status,2, status,0, cstack
 Tracked objects:
		On entry : 
		On exit  : 
		Unchanged: 
 Data sizes:     COMRAM   BANK0   BANK1   BANK2   BANK3   BANK4   BANK5
      Params:         1       0       0       0       0       0       0
      Locals:         4       0       0       0       0       0       0
      Temps:          0       0       0       0       0       0       0
      Totals:         5       0       0       0       0       0       0
Total ram usage:        5 bytes
 Hardware stack levels used:    1
 Hardware stack levels required when called:    3
 This function calls:
		i2_delay_loop
		i2_expanderWrite
		i2_pulseWrite
 This function is called by:
		_i2c_lcd_Print_Int
		i2_gotoXY
 This function uses a non-reentrant model


 *************** function i2_pulseWrite *****************
 Defined at:
		line 127 in file "i2c_lcd_pic.h"
 Parameters:    Size  Location     Type
  portPulse       1    wreg     unsigned char 
 Auto vars:     Size  Location     Type
  portPulse       1    3[COMRAM] unsigned char 
 Return value:  Size  Location     Type
                  1    wreg      void 
 Registers used:
		wreg, status,2, status,0, cstack
 Tracked objects:
		On entry : 
		On exit  : 
		Unchanged: 
 Data sizes:     COMRAM   BANK0   BANK1   BANK2   BANK3   BANK4   BANK5
      Params:         0       0       0       0       0       0       0
      Locals:         1       0       0       0       0       0       0
      Temps:          0       0       0       0       0       0       0
      Totals:         1       0       0       0       0       0       0
Total ram usage:        1 bytes
 Hardware stack levels used:    1
 Hardware stack levels required when called:    2
 This function calls:
		i2_delay_loop
		i2_expanderWrite
 This function is called by:
		i2_sendByte
 This function uses a non-reentrant model


 *************** function i2_expanderWrite *****************
 Defined at:
		line 103 in file "i2c_lcd_pic.h"
 Parameters:    Size  Location     Type
  cmdData         1    wreg     unsigned char 
 Auto vars:     Size  Location     Type
  cmdData         1    2[COMRAM] unsigned char 
 Return value:  Size  Location     Type
                  1    wreg      void 
 Registers used:
		wreg, status,2, status,0, cstack
 Tracked objects:
		On entry : 
		On exit  : 
		Unchanged: 
 Data sizes:     COMRAM   BANK0   BANK1   BANK2   BANK3   BANK4   BANK5
      Params:         0       0       0       0       0       0       0
      Locals:         1       0       0       0       0       0       0
      Temps:          0       0       0       0       0       0       0
      Totals:         1       0       0       0       0       0       0
Total ram usage:        1 bytes
 Hardware stack levels used:    1
 Hardware stack levels required when called:    1
 This function calls:
		i2_i2c_lcd_Write
 This function is called by:
		i2_pulseWrite
		i2_sendByte
 This function uses a non-reentrant model


 *************** function i2_i2c_lcd_Write *****************
 Defined at:
		line 94 in file "i2c_lcd_pic.h"
 Parameters:    Size  Location     Type
  cmd             1    wreg     unsigned char 
 Auto vars:     Size  Location     Type
  cmd             1    1[COMRAM] unsigned char 
 Return value:  Size  Location     Type
                  1    wreg      void 
 Registers used:
		wreg, status,2, status,0
 Tracked objects:
		On entry : 
		On exit  : 
		Unchanged: 
 Data sizes:     COMRAM   BANK0   BANK1   BANK2   BANK3   BANK4   BANK5
      Params:         0       0       0       0       0       0       0
      Locals:         1       0       0       0       0       0       0
      Temps:          1       0       0       0       0       0       0
      Totals:         2       0       0       0       0       0       0
Total ram usage:        2 bytes
 Hardware stack levels used:    1
 This function calls:
		Nothing
 This function is called by:
		i2_expanderWrite
 This function uses a non-reentrant model


 *************** function i2_delay_loop *****************
 Defined at:
		line 121 in file "i2c_lcd_pic.h"
 Parameters:    Size  Location     Type
  nCount          2    0[COMRAM] unsigned short 
 Auto vars:     Size  Location     Type
		None
 Return value:  Size  Location     Type
                  1    wreg      void 
 Registers used:
		wreg, status,2, status,0
 Tracked objects:
		On entry : 
		On exit  : 
		Unchanged: 
 Data sizes:     COMRAM   BANK0   BANK1   BANK2   BANK3   BANK4   BANK5
      Params:         2       0       0       0       0       0       0
      Locals:         0       0       0       0       0       0       0
      Temps:          0       0       0       0       0       0       0
      Totals:         2       0       0       0       0       0       0
Total ram usage:        2 bytes
 Hardware stack levels used:    1
 This function calls:
		Nothing
 This function is called by:
		i2_pulseWrite
		i2_sendByte
 This function uses a non-reentrant model


 *************** function ___wmul *****************
 Defined at:
		line 15 in file "C:\Program Files (x86)\Microchip\xc8\v1.42\sources\common\Umul16.c"
 Parameters:    Size  Location     Type
  multiplier      2    0[COMRAM] unsigned int 
  multiplicand    2    2[COMRAM] unsigned int 
 Auto vars:     Size  Location     Type
  product         2    4[COMRAM] unsigned int 
 Return value:  Size  Location     Type
                  2    0[COMRAM] unsigned int 
 Registers used:
		wreg, status,2, status,0, prodl, prodh
 Tracked objects:
		On entry : 
		On exit  : 
		Unchanged: 
 Data sizes:     COMRAM   BANK0   BANK1   BANK2   BANK3   BANK4   BANK5
      Params:         4       0       0       0       0       0       0
      Locals:         2       0       0       0       0       0       0
      Temps:          0       0       0       0       0       0       0
      Totals:         6       0       0       0       0       0       0
Total ram usage:        6 bytes
 Hardware stack levels used:    1
 This function calls:
		Nothing
 This function is called by:
		_i2c_lcd_Print_Int
 This function uses a non-reentrant model


 *************** function ___awmod *****************
 Defined at:
		line 8 in file "C:\Program Files (x86)\Microchip\xc8\v1.42\sources\common\awmod.c"
 Parameters:    Size  Location     Type
  dividend        2    0[COMRAM] int 
  divisor         2    2[COMRAM] int 
 Auto vars:     Size  Location     Type
  sign            1    5[COMRAM] unsigned char 
  counter         1    4[COMRAM] unsigned char 
 Return value:  Size  Location     Type
                  2    0[COMRAM] int 
 Registers used:
		wreg, status,2, status,0
 Tracked objects:
		On entry : 
		On exit  : 
		Unchanged: 
 Data sizes:     COMRAM   BANK0   BANK1   BANK2   BANK3   BANK4   BANK5
      Params:         4       0       0       0       0       0       0
      Locals:         2       0       0       0       0       0       0
      Temps:          0       0       0       0       0       0       0
      Totals:         6       0       0       0       0       0       0
Total ram usage:        6 bytes
 Hardware stack levels used:    1
 This function calls:
		Nothing
 This function is called by:
		_i2c_lcd_Print_Int
 This function uses a non-reentrant model


 *************** function ___awdiv *****************
 Defined at:
		line 8 in file "C:\Program Files (x86)\Microchip\xc8\v1.42\sources\common\awdiv.c"
 Parameters:    Size  Location     Type
  dividend        2    0[COMRAM] int 
  divisor         2    2[COMRAM] int 
 Auto vars:     Size  Location     Type
  quotient        2    6[COMRAM] int 
  sign            1    5[COMRAM] unsigned char 
  counter         1    4[COMRAM] unsigned char 
 Return value:  Size  Location     Type
                  2    0[COMRAM] int 
 Registers used:
		wreg, status,2, status,0
 Tracked objects:
		On entry : 
		On exit  : 
		Unchanged: 
 Data sizes:     COMRAM   BANK0   BANK1   BANK2   BANK3   BANK4   BANK5
      Params:         4       0       0       0       0       0       0
      Locals:         4       0       0       0       0       0       0
      Temps:          0       0       0       0       0       0       0
      Totals:         8       0       0       0       0       0       0
Total ram usage:        8 bytes
 Hardware stack levels used:    1
 This function calls:
		Nothing
 This function is called by:
		_i2c_lcd_Print_Int
 This function uses a non-reentrant model



MODULE INFORMATION

Module		Function		Class		Link	Load	Size
C:\Program Files (x86)\Microchip\xc8\v1.42\sources\common\awdiv.c
		___awdiv       		CODE           	0894	0000	153

C:\Program Files (x86)\Microchip\xc8\v1.42\sources\common\awdiv.c estimated size: 153

shared
		i2_sendByte    		CODE           	07FC	0000	153
		i2_i2c_lcd_Write		CODE           	0B94	0000	93
		i2_expanderWrite		CODE           	0E64	0000	17
		i2_pulseWrite  		CODE           	0DC0	0000	37
		i2_gotoXY      		CODE           	0C9E	0000	75
		__initialization		CODE           	0D28	0000	45
		i2_delay_loop  		CODE           	0E06	0000	29

shared estimated size: 449

C:\Program Files (x86)\Microchip\xc8\v1.42\sources\common\awmod.c
		___awmod       		CODE           	09C2	0000	133

C:\Program Files (x86)\Microchip\xc8\v1.42\sources\common\awmod.c estimated size: 133

i2c_lcd_pic.h
		_pulseWrite    		CODE           	0D66	0000	49
		_delay_loop    		CODE           	0DE4	0000	35
		_i2c_lcd_Init  		CODE           	0ABC	0000	115
		_i2c_lcd_Write 		CODE           	0B2E	0000	103
		_i2c_lcd_Print 		CODE           	0CE8	0000	65
		_I2C_Master_Init		CODE           	0E22	0000	27
		_i2c_lcd_Print_Int		CODE           	060E	0000	283
		_sendByte      		CODE           	0728	0000	213
		_expanderWrite 		CODE           	0E3C	0000	21
		_gotoXY        		CODE           	0C48	0000	87

i2c_lcd_pic.h estimated size: 998

C:\Program Files (x86)\Microchip\xc8\v1.42\sources\common\Umul16.c
		___wmul        		CODE           	0D96	0000	43

C:\Program Files (x86)\Microchip\xc8\v1.42\sources\common\Umul16.c estimated size: 43

main.c
		_main          		CODE           	0A46	0000	119
		_high_isr      		CODE           	0008	0000	129
		_ADC_ISR       		CODE           	092C	0000	151
		_readADC       		CODE           	0BF0	0000	89
		_ADC_Init      		CODE           	0E50	0000	21

main.c estimated size: 509

